node.exe : ΓÜá Warning: 
Next.js inferred your 
workspace root, but it 
may not be correct.
At line:1 char:1
+ & "C:\Program 
Files\nodejs/node.exe" 
"C:\Program 
Files\nodejs/node_mo ...
+ ~~~~~~~~~~~~~~~~~~~~~~~~
~~~~~~~~~~~~~~~~~~~~~~~~~~
~~~~~~~~~~~~~~~~~~~
    + CategoryInfo        
      : NotSpecified: (Γ  
  Üá Warning: Ne...not    
 be correct.:String) [    
], RemoteException
    + FullyQualifiedError 
   Id : NativeCommandErr  
  or
 
 We detected multiple 
lockfiles and selected 
the directory of C:\Users\
binwa\package-lock.json 
as the root directory.
 To silence this warning, 
set `turbopack.root` in 
your Next.js config, or 
consider removing one of 
the lockfiles if it's not 
needed.
   See https://nextjs.org/
docs/app/api-reference/con
fig/next-config-js/turbopa
ck#root-directory for 
more information.
 Detected additional 
lockfiles: 
   * C:\Users\binwa\OneDri
ve\Documents\PrompLint\pro
mplint\package-lock.json


> Build error occurred
Error: EPERM: operation 
not permitted, unlink 'C:\
Users\binwa\OneDrive\Docum
ents\PrompLint\promplint\.
next\static\9vASbRDrx7kmsq
rbeBF-5'
    at ignore-listed 
frames {
  errno: -4048,
  code: 'EPERM',
  syscall: 'unlink',
  path: 'C:\\Users\\binwa\
\OneDrive\\Documents\\Prom
pLint\\promplint\\.next\\s
tatic\\9vASbRDrx7kmsqrbeBF
-5'
}
